.rdata:10C1B08F                 db    0
.rdata:10C1B090                 db    0
.rdata:10C1B091                 db    0
.rdata:10C1B092                 db    0
.rdata:10C1B093                 db    0
.rdata:10C1B094                 db    0
.rdata:10C1B095                 db    0
.rdata:10C1B096                 db    0
.rdata:10C1B097                 db    0
.rdata:10C1B098                 db  7Eh ; ~
.rdata:10C1B099                 db    3
.rdata:10C1B09A                 db    0
.rdata:10C1B09B                 db    0
.rdata:10C1B09C                 db    0
.rdata:10C1B09D                 db    0
.rdata:10C1B09E                 db    0
.rdata:10C1B09F                 db    0
.rdata:10C1B0A0                 db  6Eh ; n
.rdata:10C1B0A1                 db  22h ; "
.rdata:10C1B0A2                 db    0
.rdata:10C1B0A3                 db    0
.rdata:10C1B0A4                 db    0
.rdata:10C1B0A5                 db    0
.rdata:10C1B0A6                 db    0
.rdata:10C1B0A7                 db    0
.rdata:10C1B0A8                 db    0
.rdata:10C1B0A9                 db    0
.rdata:10C1B0AA                 db    0
.rdata:10C1B0AB                 db    0
.rdata:10C1B0AC                 db    0
.rdata:10C1B0AD                 db    0
.rdata:10C1B0AE                 db    0
.rdata:10C1B0AF                 db    0
.rdata:10C1B0B0                 db    0
.rdata:10C1B0B1                 db    0
.rdata:10C1B0B2                 db    0
.rdata:10C1B0B3                 db    0
.rdata:10C1B0B4                 db    0
.rdata:10C1B0B5                 db    0
.rdata:10C1B0B6                 db    0
.rdata:10C1B0B7                 db    0
.rdata:10C1B0B8                 db  60h ; `
.rdata:10C1B0B9                 db  22h ; "
.rdata:10C1B0BA                 db    0
.rdata:10C1B0BB                 db    0
.rdata:10C1B0BC                 db    0
.rdata:10C1B0BD                 db    0
.rdata:10C1B0BE                 db    0
.rdata:10C1B0BF                 db    0
.rdata:10C1B0C0                 db    0
.rdata:10C1B0C1                 db    0
.rdata:10C1B0C2                 db  6Fh ; o
.rdata:10C1B0C3                 db  22h ; "
.rdata:10C1B0C4                 db    0
.rdata:10C1B0C5                 db    0
.rdata:10C1B0C6                 db    0
.rdata:10C1B0C7                 db    0
.rdata:10C1B0C8                 db    0
.rdata:10C1B0C9                 db    0
.rdata:10C1B0CA                 db    0
.rdata:10C1B0CB                 db    0
.rdata:10C1B0CC                 db    0
.rdata:10C1B0CD                 db    0
.rdata:10C1B0CE                 db    0
.rdata:10C1B0CF                 db    0
.rdata:10C1B0D0                 db    0
.rdata:10C1B0D1                 db    0
.rdata:10C1B0D2                 db    0
