.data:10E75AEF                 db    ? ;
.data:10E75AF0                 db    ? ;
.data:10E75AF1                 db    ? ;
.data:10E75AF2                 db    ? ;
.data:10E75AF3                 db    ? ;
.data:10E75AF4                 db    ? ;
.data:10E75AF5                 db    ? ;
.data:10E75AF6                 db    ? ;
.data:10E75AF7                 db    ? ;
.data:10E75AF8                 db    ? ;
.data:10E75AF9                 db    ? ;
.data:10E75AFA                 db    ? ;
.data:10E75AFB                 db    ? ;
.data:10E75AFC                 db    ? ;
.data:10E75AFD                 db    ? ;
.data:10E75AFE                 db    ? ;
.data:10E75AFF                 db    ? ;
.data:10E75B00                 db    ? ;
.data:10E75B01                 db    ? ;
.data:10E75B02                 db    ? ;
.data:10E75B03                 db    ? ;
.data:10E75B04                 db    ? ;
.data:10E75B05                 db    ? ;
.data:10E75B06                 db    ? ;
.data:10E75B07                 db    ? ;
.data:10E75B08                 db    ? ;
.data:10E75B09                 db    ? ;
.data:10E75B0A                 db    ? ;
.data:10E75B0B                 db    ? ;
.data:10E75B0C                 db    ? ;
.data:10E75B0D                 db    ? ;
.data:10E75B0E                 db    ? ;
.data:10E75B0F                 db    ? ;
.data:10E75B10                 db    ? ;
.data:10E75B11                 db    ? ;
.data:10E75B12                 db    ? ;
.data:10E75B13                 db    ? ;
.data:10E75B14                 db    ? ;
.data:10E75B15                 db    ? ;
.data:10E75B16                 db    ? ;
.data:10E75B17                 db    ? ;
.data:10E75B18                 db    ? ;
.data:10E75B19                 db    ? ;
.data:10E75B1A                 db    ? ;
.data:10E75B1B                 db    ? ;
.data:10E75B1C                 db    ? ;
.data:10E75B1D                 db    ? ;
.data:10E75B1E                 db    ? ;
.data:10E75B1F                 db    ? ;
.data:10E75B20                 db    ? ;
.data:10E75B21                 db    ? ;
.data:10E75B22                 db    ? ;
.data:10E75B23                 db    ? ;
.data:10E75B24                 db    ? ;
.data:10E75B25                 db    ? ;
.data:10E75B26                 db    ? ;
.data:10E75B27                 db    ? ;
.data:10E75B28                 db    ? ;
.data:10E75B29                 db    ? ;
.data:10E75B2A                 db    ? ;
.data:10E75B2B                 db    ? ;
.data:10E75B2C                 db    ? ;
.data:10E75B2D                 db    ? ;
.data:10E75B2E                 db    ? ;
.data:10E75B2F                 db    ? ;
.data:10E75B30                 db    ? ;
.data:10E75B31                 db    ? ;
.data:10E75B32                 db    ? ;
.data:10E75B33                 db    ? ;
.data:10E75B34                 db    ? ;
.data:10E75B35                 db    ? ;
